// Jest Snapshot v1, https://goo.gl/fbAQLP

exports[`should render ConfModal correctly 1`] = `
<Modal
  appElement={null}
  ariaHideApp={true}
  bodyOpenClassName="ReactModal__Body--open"
  closeTimeoutMS={200}
  contentElement={[Function]}
  contentLabel="Are you sure you want to delete it?"
  isOpen={false}
  onRequestClose={[Function]}
  overlayElement={[Function]}
  parentSelector={[Function]}
  portalClassName="ReactModalPortal"
  preventScroll={false}
  role="dialog"
  shouldCloseOnEsc={true}
  shouldCloseOnOverlayClick={true}
  shouldFocusAfterRender={true}
  shouldReturnFocusAfterClose={true}
>
  <h3>
    Are you sure you want to delete it?
  </h3>
  <button
    className="removeBtn"
    onClick={[Function]}
  >
    Yes
  </button>
  <button
    className="cancelBtn"
    onClick={[Function]}
  >
    No
  </button>
</Modal>
`;
