// Jest Snapshot v1, https://goo.gl/fbAQLP

exports[`should render ExpenseListItem with expenses[0] 1`] = `
<Link
  className="list-item"
  replace={false}
  to="/edit/1"
>
  <div>
    <h3
      className="list-item__title"
    >
      Gum
    </h3>
    <span
      className="list-item__subTitle"
    >
      1970/01/01 , 09:00:00
    </span>
  </div>
  <h3
    className=" list-item__data"
  >
    1.95
  </h3>
</Link>
`;
