// Jest Snapshot v1, https://goo.gl/fbAQLP

exports[`should render LoginPage Component 1`] = `
<div>
  <p>
    Welcome Login Page
  </p>
  <button
    onClick={[Function]}
  >
    Login
  </button>
</div>
`;
